// Jest Snapshot v1, https://goo.gl/fbAQLP

exports[`Flyout does not render when the anchor is null 1`] = `null`;

exports[`Flyout renders 1`] = `
<div
  className="box"
>
  <div />
</div>
`;
