// Jest Snapshot v1, https://goo.gl/fbAQLP

exports[`Avatar renders multibyte names 1`] = `
<div
  className="box circle relative whiteBg"
  style={
    Object {
      "boxShadow": "0 0 0 2px #fff",
      "height": "",
      "width": "100%",
    }
  }
>
  <div
    className="box circle grayBg relative"
  >
    <div
      className="box relative"
      style={
        Object {
          "paddingBottom": "100%",
        }
      }
    />
    <div
      className="absolute bottom0 box left0 right0 top0"
    >
      <svg
        preserveAspectRatio="xMidYMid meet"
        version="1.1"
        viewBox="-50 -50 100 100"
        width="100%"
        xmlns="http://www.w3.org/2000/svg"
      >
        <title>
          ðŸ’© astral
        </title>
        <text
          className="antialiased sansSerif leadingSmall fontWeightBold"
          dominantBaseline="central"
          fill="#fff"
          fontSize="50px"
          textAnchor="middle"
        >
          ðŸ’©
        </text>
      </svg>
    </div>
  </div>
</div>
`;
