// Jest Snapshot v1, https://goo.gl/fbAQLP

exports[`Column span 1`] = `
<div
  className="xsCol1"
>
  Hello world
</div>
`;
