// Jest Snapshot v1, https://goo.gl/fbAQLP

exports[`Controller renders 1`] = `
<div>
  <div
    className="container contents maxDimensions minDimensions"
    style={
      Object {
        "left": -10,
        "top": 4,
        "visibility": "visible",
        "zIndex": undefined,
      }
    }
    tabIndex={-1}
  >
    <div
      className="caretSecondary caret"
      style={
        Object {
          "bottom": null,
          "left": 10,
          "right": null,
          "top": -4,
        }
      }
    >
      <svg
        height={4}
        width={12}
      >
        <path
          d="M0 4c.694 0 1.36-.278 1.846-.773L4.376.66c.806-.819 2.187-.885 3.083-.148.057.047.111.096.163.148l2.526 2.565A2.6 2.6 0 0012 4"
          stroke="rgb(0 0 0 / 0.02)"
        />
      </svg>
    </div>
    <div
      className="border innerContents maxDimensions minDimensions secondary"
      id=""
      style={
        Object {
          "maxHeight": 691.1999999999999,
          "maxWidth": 230,
        }
      }
    />
  </div>
</div>
`;
