// Jest Snapshot v1, https://goo.gl/fbAQLP

exports[`default 1`] = `
<a
  className="link tapTransition touchable block rounding0 hoverUnderline"
  href="https://example.com"
  onBlur={[Function]}
  onClick={[Function]}
  onFocus={[Function]}
  onKeyPress={[Function]}
  onMouseDown={[Function]}
  onMouseUp={[Function]}
  onTouchCancel={[Function]}
  onTouchEnd={[Function]}
  onTouchMove={[Function]}
  onTouchStart={[Function]}
  rel=""
  target={null}
>
  Link
</a>
`;

exports[`inline 1`] = `
<a
  className="link tapTransition touchable inlineBlock rounding0 hoverUnderline"
  href="https://example.com"
  onBlur={[Function]}
  onClick={[Function]}
  onFocus={[Function]}
  onKeyPress={[Function]}
  onMouseDown={[Function]}
  onMouseUp={[Function]}
  onTouchCancel={[Function]}
  onTouchEnd={[Function]}
  onTouchMove={[Function]}
  onTouchStart={[Function]}
  rel=""
  target={null}
>
  Link
</a>
`;

exports[`regular 1`] = `
<a
  className="link tapTransition touchable block rounding0 hoverUnderline"
  href="https://example.com"
  onBlur={[Function]}
  onClick={[Function]}
  onFocus={[Function]}
  onKeyPress={[Function]}
  onMouseDown={[Function]}
  onMouseUp={[Function]}
  onTouchCancel={[Function]}
  onTouchEnd={[Function]}
  onTouchMove={[Function]}
  onTouchStart={[Function]}
  rel=""
  target={null}
>
  Link
</a>
`;

exports[`target blank 1`] = `
<a
  className="link tapTransition touchable block rounding0 hoverUnderline"
  href="https://example.com"
  onBlur={[Function]}
  onClick={[Function]}
  onFocus={[Function]}
  onKeyPress={[Function]}
  onMouseDown={[Function]}
  onMouseUp={[Function]}
  onTouchCancel={[Function]}
  onTouchEnd={[Function]}
  onTouchMove={[Function]}
  onTouchStart={[Function]}
  rel="noopener noreferrer"
  target="_blank"
>
  Link
</a>
`;

exports[`target null 1`] = `
<a
  className="link tapTransition touchable block rounding0 hoverUnderline"
  href="https://example.com"
  onBlur={[Function]}
  onClick={[Function]}
  onFocus={[Function]}
  onKeyPress={[Function]}
  onMouseDown={[Function]}
  onMouseUp={[Function]}
  onTouchCancel={[Function]}
  onTouchEnd={[Function]}
  onTouchMove={[Function]}
  onTouchStart={[Function]}
  rel=""
  target={null}
>
  Link
</a>
`;

exports[`target self 1`] = `
<a
  className="link tapTransition touchable block rounding0 hoverUnderline"
  href="https://example.com"
  onBlur={[Function]}
  onClick={[Function]}
  onFocus={[Function]}
  onKeyPress={[Function]}
  onMouseDown={[Function]}
  onMouseUp={[Function]}
  onTouchCancel={[Function]}
  onTouchEnd={[Function]}
  onTouchMove={[Function]}
  onTouchStart={[Function]}
  rel=""
  target="_self"
>
  Link
</a>
`;

exports[`with accessibilitySelected and role 1`] = `
<a
  aria-selected={true}
  className="link tapTransition touchable block rounding0 hoverUnderline"
  href="https://example.com"
  onBlur={[Function]}
  onClick={[Function]}
  onFocus={[Function]}
  onKeyPress={[Function]}
  onMouseDown={[Function]}
  onMouseUp={[Function]}
  onTouchCancel={[Function]}
  onTouchEnd={[Function]}
  onTouchMove={[Function]}
  onTouchStart={[Function]}
  rel=""
  role="tab"
  target={null}
>
  Link
</a>
`;

exports[`with custom rounding, hoverStyle, and tapStyle 1`] = `
<a
  className="link tapTransition touchable block pill"
  href="https://example.com"
  onBlur={[Function]}
  onClick={[Function]}
  onFocus={[Function]}
  onKeyPress={[Function]}
  onMouseDown={[Function]}
  onMouseUp={[Function]}
  onTouchCancel={[Function]}
  onTouchEnd={[Function]}
  onTouchMove={[Function]}
  onTouchStart={[Function]}
  rel=""
  target={null}
>
  Link
</a>
`;

exports[`with nofollow 1`] = `
<a
  className="link tapTransition touchable block rounding0 hoverUnderline"
  href="https://example.com"
  onBlur={[Function]}
  onClick={[Function]}
  onFocus={[Function]}
  onKeyPress={[Function]}
  onMouseDown={[Function]}
  onMouseUp={[Function]}
  onTouchCancel={[Function]}
  onTouchEnd={[Function]}
  onTouchMove={[Function]}
  onTouchStart={[Function]}
  rel="nofollow"
  target={null}
>
  Link
</a>
`;

exports[`with onTap 1`] = `
<a
  className="link tapTransition touchable block rounding0 hoverUnderline"
  href="https://example.com"
  onBlur={[Function]}
  onClick={[Function]}
  onFocus={[Function]}
  onKeyPress={[Function]}
  onMouseDown={[Function]}
  onMouseUp={[Function]}
  onTouchCancel={[Function]}
  onTouchEnd={[Function]}
  onTouchMove={[Function]}
  onTouchStart={[Function]}
  rel=""
  target={null}
>
  Link
</a>
`;
