// Jest Snapshot v1, https://goo.gl/fbAQLP

exports[`TextField TextField normal 1`] = `
<span>
  <input
    aria-describedby={null}
    aria-invalid="false"
    className="textField enabled normal"
    disabled={false}
    id="test"
    onBlur={[Function]}
    onChange={[Function]}
    onFocus={[Function]}
    onKeyDown={[Function]}
    type="text"
  />
</span>
`;

exports[`TextField TextField with autocomplete 1`] = `"<span><input type=\\"text\\" aria-invalid=\\"false\\" autoComplete=\\"on\\" class=\\"textField enabled normal\\" id=\\"email\\"/></span>"`;

exports[`TextField TextField with error 1`] = `"<span><input type=\\"text\\" aria-invalid=\\"true\\" class=\\"textField enabled errored\\" id=\\"test\\"/></span>"`;

exports[`TextField TextField with hasError 1`] = `"<span><input type=\\"text\\" aria-invalid=\\"true\\" class=\\"textField enabled errored\\" id=\\"test\\"/></span>"`;

exports[`TextField TextField with name 1`] = `"<span><input type=\\"text\\" aria-invalid=\\"false\\" class=\\"textField enabled normal\\" id=\\"email\\" name=\\"email\\"/></span>"`;

exports[`TextField TextField with type number 1`] = `"<span><input type=\\"number\\" aria-invalid=\\"false\\" class=\\"textField enabled normal\\" id=\\"test\\" pattern=\\"\\\\d*\\"/></span>"`;
