// Jest Snapshot v1, https://goo.gl/fbAQLP

exports[`Divider renders 1`] = `
<hr
  className="divider"
/>
`;
