// Jest Snapshot v1, https://goo.gl/fbAQLP

exports[`StopScrollBehavior renders 1`] = `"Hello world"`;
