// Jest Snapshot v1, https://goo.gl/fbAQLP

exports[`DatapointTrend renders 1`] = `
<div
  className="Flex rowGap1 columnGap0 xsDirectionRow"
>
  <div
    className="FlexItem"
  >
    <svg
      aria-hidden={null}
      aria-label="Value change icon accessibility label"
      className="success icon iconBlock"
      height={16}
      role="img"
      viewBox="0 0 24 24"
      width={16}
    >
      <path
        d="test-file-stub"
      />
    </svg>
  </div>
  <div
    className="FlexItem"
  >
    <div
      className="success alignStart breakWord Text fontSize200 fontWeightSemiBold"
    >
      30%
    </div>
  </div>
</div>
`;

exports[`DatapointTrend renders an accessibility label 1`] = `
<div
  className="Flex rowGap1 columnGap0 xsDirectionRow"
>
  <div
    className="FlexItem"
  >
    <svg
      aria-hidden={null}
      aria-label="Value change icon accessibility label"
      className="success icon iconBlock"
      height={16}
      role="img"
      viewBox="0 0 24 24"
      width={16}
    >
      <path
        d="test-file-stub"
      />
    </svg>
  </div>
  <div
    className="FlexItem"
  >
    <div
      className="success alignStart breakWord Text fontSize200 fontWeightSemiBold"
    >
      30%
    </div>
  </div>
</div>
`;
